❌ FIREBASE_SERVICE_ACCOUNT not found in .env
